Sat May 08 2021 18:13:02 GMT+0530 (India Standard Time) : This is a log line
Sat May 08 2021 18:13:04 GMT+0530 (India Standard Time) : This is a log line
Sat May 08 2021 18:13:06 GMT+0530 (India Standard Time) : This is a log line
Sat May 08 2021 18:13:08 GMT+0530 (India Standard Time) : This is a log line
Sat May 08 2021 18:13:10 GMT+0530 (India Standard Time) : This is a log line
Sat May 08 2021 18:13:12 GMT+0530 (India Standard Time) : This is a log line
Sat May 08 2021 18:13:14 GMT+0530 (India Standard Time) : This is a log line
Sat May 08 2021 18:13:16 GMT+0530 (India Standard Time) : This is a log line
Sat May 08 2021 18:13:18 GMT+0530 (India Standard Time) : This is a log line
Sat May 08 2021 18:13:20 GMT+0530 (India Standard Time) : This is a log line
Sat May 08 2021 18:13:22 GMT+0530 (India Standard Time) : This is a log line
Sat May 08 2021 18:13:24 GMT+0530 (India Standard Time) : This is a log line
Sat May 08 2021 18:13:26 GMT+0530 (India Standard Time) : This is a log line
Sat May 08 2021 18:13:28 GMT+0530 (India Standard Time) : This is a log line
Sat May 08 2021 18:13:30 GMT+0530 (India Standard Time) : This is a log line
Sat May 08 2021 18:13:32 GMT+0530 (India Standard Time) : This is a log line
Sat May 08 2021 18:13:34 GMT+0530 (India Standard Time) : This is a log line
Sat May 08 2021 18:13:36 GMT+0530 (India Standard Time) : This is a log line
Sat May 08 2021 18:13:38 GMT+0530 (India Standard Time) : This is a log line
Sat May 08 2021 18:13:40 GMT+0530 (India Standard Time) : This is a log line
Sat May 08 2021 18:13:42 GMT+0530 (India Standard Time) : This is a log line
Sat May 08 2021 18:13:44 GMT+0530 (India Standard Time) : This is a log line
Sat May 08 2021 18:13:46 GMT+0530 (India Standard Time) : This is a log line
Sat May 08 2021 18:13:48 GMT+0530 (India Standard Time) : This is a log line
Sat May 08 2021 18:13:50 GMT+0530 (India Standard Time) : This is a log line
Sat May 08 2021 18:13:52 GMT+0530 (India Standard Time) : This is a log line
Sat May 08 2021 18:13:54 GMT+0530 (India Standard Time) : This is a log line
Sat May 08 2021 18:13:56 GMT+0530 (India Standard Time) : This is a log line
Sat May 08 2021 18:13:58 GMT+0530 (India Standard Time) : This is a log line
Sat May 08 2021 18:14:00 GMT+0530 (India Standard Time) : This is a log line
Sat May 08 2021 18:14:02 GMT+0530 (India Standard Time) : This is a log line
Sat May 08 2021 18:14:04 GMT+0530 (India Standard Time) : This is a log line
Sat May 08 2021 18:14:06 GMT+0530 (India Standard Time) : This is a log line
Sat May 08 2021 18:14:08 GMT+0530 (India Standard Time) : This is a log line
Sat May 08 2021 18:14:10 GMT+0530 (India Standard Time) : This is a log line
Sat May 08 2021 18:14:12 GMT+0530 (India Standard Time) : This is a log line
Sat May 08 2021 18:14:14 GMT+0530 (India Standard Time) : This is a log line
Sat May 08 2021 18:14:16 GMT+0530 (India Standard Time) : This is a log line
Sat May 08 2021 18:14:18 GMT+0530 (India Standard Time) : This is a log line
Sat May 08 2021 18:14:20 GMT+0530 (India Standard Time) : This is a log line
Sat May 08 2021 18:14:22 GMT+0530 (India Standard Time) : This is a log line
Sat May 08 2021 18:14:24 GMT+0530 (India Standard Time) : This is a log line
Sat May 08 2021 18:14:26 GMT+0530 (India Standard Time) : This is a log line
Sat May 08 2021 18:14:28 GMT+0530 (India Standard Time) : This is a log line
Sat May 08 2021 18:14:30 GMT+0530 (India Standard Time) : This is a log line
Sat May 08 2021 18:14:32 GMT+0530 (India Standard Time) : This is a log line
Sat May 08 2021 18:14:34 GMT+0530 (India Standard Time) : This is a log line
Sat May 08 2021 18:14:36 GMT+0530 (India Standard Time) : This is a log line
Sat May 08 2021 18:14:38 GMT+0530 (India Standard Time) : This is a log line
Sat May 08 2021 18:14:40 GMT+0530 (India Standard Time) : This is a log line
Sat May 08 2021 18:14:42 GMT+0530 (India Standard Time) : This is a log line
Sat May 08 2021 18:14:44 GMT+0530 (India Standard Time) : This is a log line
Sat May 08 2021 18:14:46 GMT+0530 (India Standard Time) : This is a log line
Sat May 08 2021 18:14:48 GMT+0530 (India Standard Time) : This is a log line
Sat May 08 2021 18:14:50 GMT+0530 (India Standard Time) : This is a log line
Sat May 08 2021 18:14:52 GMT+0530 (India Standard Time) : This is a log line
Sat May 08 2021 18:14:54 GMT+0530 (India Standard Time) : This is a log line
Sat May 08 2021 18:14:56 GMT+0530 (India Standard Time) : This is a log line
Sat May 08 2021 18:14:58 GMT+0530 (India Standard Time) : This is a log line
Sat May 08 2021 18:15:00 GMT+0530 (India Standard Time) : This is a log line
Sat May 08 2021 18:15:02 GMT+0530 (India Standard Time) : This is a log line
Sat May 08 2021 18:15:04 GMT+0530 (India Standard Time) : This is a log line
Sat May 08 2021 18:15:06 GMT+0530 (India Standard Time) : This is a log line
Sat May 08 2021 18:15:08 GMT+0530 (India Standard Time) : This is a log line
Sat May 08 2021 18:15:10 GMT+0530 (India Standard Time) : This is a log line
Sat May 08 2021 18:15:12 GMT+0530 (India Standard Time) : This is a log line
Sat May 08 2021 18:15:14 GMT+0530 (India Standard Time) : This is a log line
Sat May 08 2021 18:15:16 GMT+0530 (India Standard Time) : This is a log line
Sat May 08 2021 18:15:18 GMT+0530 (India Standard Time) : This is a log line
Sat May 08 2021 18:15:20 GMT+0530 (India Standard Time) : This is a log line
Sat May 08 2021 18:15:22 GMT+0530 (India Standard Time) : This is a log line
Sat May 08 2021 18:15:24 GMT+0530 (India Standard Time) : This is a log line
Sat May 08 2021 18:15:26 GMT+0530 (India Standard Time) : This is a log line
Sat May 08 2021 18:15:28 GMT+0530 (India Standard Time) : This is a log line
Sat May 08 2021 18:15:30 GMT+0530 (India Standard Time) : This is a log line
Sat May 08 2021 18:15:32 GMT+0530 (India Standard Time) : This is a log line
Sat May 08 2021 18:15:34 GMT+0530 (India Standard Time) : This is a log line
Sat May 08 2021 18:15:36 GMT+0530 (India Standard Time) : This is a log line
Sat May 08 2021 18:15:38 GMT+0530 (India Standard Time) : This is a log line
Sat May 08 2021 18:15:40 GMT+0530 (India Standard Time) : This is a log line
Sat May 08 2021 18:15:42 GMT+0530 (India Standard Time) : This is a log line
Sat May 08 2021 18:15:44 GMT+0530 (India Standard Time) : This is a log line
Sat May 08 2021 18:15:46 GMT+0530 (India Standard Time) : This is a log line
Sat May 08 2021 18:15:48 GMT+0530 (India Standard Time) : This is a log line
Sat May 08 2021 18:15:50 GMT+0530 (India Standard Time) : This is a log line
Sat May 08 2021 18:15:52 GMT+0530 (India Standard Time) : This is a log line
Sat May 08 2021 18:15:54 GMT+0530 (India Standard Time) : This is a log line
Sat May 08 2021 18:15:56 GMT+0530 (India Standard Time) : This is a log line
Sat May 08 2021 18:15:58 GMT+0530 (India Standard Time) : This is a log line
Sat May 08 2021 18:16:00 GMT+0530 (India Standard Time) : This is a log line
Sat May 08 2021 18:16:02 GMT+0530 (India Standard Time) : This is a log line
Sat May 08 2021 18:16:04 GMT+0530 (India Standard Time) : This is a log line
Sat May 08 2021 18:16:06 GMT+0530 (India Standard Time) : This is a log line
Sat May 08 2021 18:16:08 GMT+0530 (India Standard Time) : This is a log line
Sat May 08 2021 18:16:10 GMT+0530 (India Standard Time) : This is a log line
Sat May 08 2021 18:16:12 GMT+0530 (India Standard Time) : This is a log line
Sat May 08 2021 18:16:14 GMT+0530 (India Standard Time) : This is a log line
Sat May 08 2021 18:16:16 GMT+0530 (India Standard Time) : This is a log line
Sat May 08 2021 18:16:18 GMT+0530 (India Standard Time) : This is a log line
Sat May 08 2021 18:16:20 GMT+0530 (India Standard Time) : This is a log line
Sat May 08 2021 18:16:22 GMT+0530 (India Standard Time) : This is a log line
Sat May 08 2021 18:16:24 GMT+0530 (India Standard Time) : This is a log line
Sat May 08 2021 18:16:26 GMT+0530 (India Standard Time) : This is a log line
Sat May 08 2021 18:16:28 GMT+0530 (India Standard Time) : This is a log line
Sat May 08 2021 18:16:30 GMT+0530 (India Standard Time) : This is a log line
Sat May 08 2021 18:16:32 GMT+0530 (India Standard Time) : This is a log line
Sat May 08 2021 18:16:34 GMT+0530 (India Standard Time) : This is a log line
Sat May 08 2021 18:16:36 GMT+0530 (India Standard Time) : This is a log line
Sat May 08 2021 18:16:38 GMT+0530 (India Standard Time) : This is a log line
Sat May 08 2021 18:16:40 GMT+0530 (India Standard Time) : This is a log line
Sat May 08 2021 18:16:42 GMT+0530 (India Standard Time) : This is a log line
Sat May 08 2021 18:16:44 GMT+0530 (India Standard Time) : This is a log line
Sat May 08 2021 18:16:46 GMT+0530 (India Standard Time) : This is a log line
Sat May 08 2021 18:16:48 GMT+0530 (India Standard Time) : This is a log line
Sat May 08 2021 18:16:50 GMT+0530 (India Standard Time) : This is a log line
Sat May 08 2021 18:16:52 GMT+0530 (India Standard Time) : This is a log line
Sat May 08 2021 18:16:54 GMT+0530 (India Standard Time) : This is a log line
Sat May 08 2021 18:16:56 GMT+0530 (India Standard Time) : This is a log line
Sat May 08 2021 18:16:58 GMT+0530 (India Standard Time) : This is a log line
Sat May 08 2021 18:17:00 GMT+0530 (India Standard Time) : This is a log line
Sat May 08 2021 18:17:02 GMT+0530 (India Standard Time) : This is a log line
Sat May 08 2021 18:17:04 GMT+0530 (India Standard Time) : This is a log line
Sat May 08 2021 18:17:06 GMT+0530 (India Standard Time) : This is a log line
Sat May 08 2021 18:17:08 GMT+0530 (India Standard Time) : This is a log line
Sat May 08 2021 18:17:10 GMT+0530 (India Standard Time) : This is a log line
Sat May 08 2021 18:17:12 GMT+0530 (India Standard Time) : This is a log line
Sat May 08 2021 18:17:14 GMT+0530 (India Standard Time) : This is a log line
Sat May 08 2021 18:17:16 GMT+0530 (India Standard Time) : This is a log line
Sat May 08 2021 18:17:18 GMT+0530 (India Standard Time) : This is a log line
Sat May 08 2021 18:17:20 GMT+0530 (India Standard Time) : This is a log line
Sat May 08 2021 18:17:22 GMT+0530 (India Standard Time) : This is a log line
Sat May 08 2021 18:17:24 GMT+0530 (India Standard Time) : This is a log line
Sat May 08 2021 18:17:26 GMT+0530 (India Standard Time) : This is a log line
Sat May 08 2021 18:17:28 GMT+0530 (India Standard Time) : This is a log line
Sat May 08 2021 18:17:30 GMT+0530 (India Standard Time) : This is a log line
Sat May 08 2021 18:17:32 GMT+0530 (India Standard Time) : This is a log line
Sat May 08 2021 18:17:34 GMT+0530 (India Standard Time) : This is a log line
Sat May 08 2021 18:17:36 GMT+0530 (India Standard Time) : This is a log line
Sat May 08 2021 18:17:38 GMT+0530 (India Standard Time) : This is a log line
Sat May 08 2021 18:17:40 GMT+0530 (India Standard Time) : This is a log line
Sat May 08 2021 18:17:42 GMT+0530 (India Standard Time) : This is a log line
Sat May 08 2021 18:17:44 GMT+0530 (India Standard Time) : This is a log line
Sat May 08 2021 18:17:46 GMT+0530 (India Standard Time) : This is a log line
Sat May 08 2021 18:17:48 GMT+0530 (India Standard Time) : This is a log line
Sat May 08 2021 18:17:50 GMT+0530 (India Standard Time) : This is a log line
Sat May 08 2021 18:17:52 GMT+0530 (India Standard Time) : This is a log line
Sat May 08 2021 18:17:54 GMT+0530 (India Standard Time) : This is a log line
Sat May 08 2021 18:20:52 GMT+0530 (India Standard Time) : This is a log line
Sat May 08 2021 18:20:54 GMT+0530 (India Standard Time) : This is a log line
Sat May 08 2021 18:20:56 GMT+0530 (India Standard Time) : This is a log line
Sat May 08 2021 18:20:58 GMT+0530 (India Standard Time) : This is a log line
Sat May 08 2021 18:21:00 GMT+0530 (India Standard Time) : This is a log line
Sat May 08 2021 18:21:02 GMT+0530 (India Standard Time) : This is a log line
Sat May 08 2021 18:21:04 GMT+0530 (India Standard Time) : This is a log line
Sat May 08 2021 18:21:06 GMT+0530 (India Standard Time) : This is a log line
Sat May 08 2021 18:21:08 GMT+0530 (India Standard Time) : This is a log line
Sat May 08 2021 18:21:10 GMT+0530 (India Standard Time) : This is a log line
Sat May 08 2021 18:21:12 GMT+0530 (India Standard Time) : This is a log line
Sat May 08 2021 18:21:14 GMT+0530 (India Standard Time) : This is a log line
Sat May 08 2021 18:21:16 GMT+0530 (India Standard Time) : This is a log line
Sat May 08 2021 18:21:18 GMT+0530 (India Standard Time) : This is a log line
Sat May 08 2021 18:21:20 GMT+0530 (India Standard Time) : This is a log line
Sat May 08 2021 18:21:22 GMT+0530 (India Standard Time) : This is a log line
Sat May 08 2021 18:21:24 GMT+0530 (India Standard Time) : This is a log line
Sat May 08 2021 18:21:26 GMT+0530 (India Standard Time) : This is a log line
Sat May 08 2021 18:21:28 GMT+0530 (India Standard Time) : This is a log line
Sat May 08 2021 18:21:30 GMT+0530 (India Standard Time) : This is a log line
Sat May 08 2021 18:21:32 GMT+0530 (India Standard Time) : This is a log line
Sat May 08 2021 18:21:34 GMT+0530 (India Standard Time) : This is a log line
Sat May 08 2021 18:21:36 GMT+0530 (India Standard Time) : This is a log line
Sat May 08 2021 18:21:38 GMT+0530 (India Standard Time) : This is a log line
Sat May 08 2021 18:21:40 GMT+0530 (India Standard Time) : This is a log line
Sat May 08 2021 18:21:42 GMT+0530 (India Standard Time) : This is a log line
Sat May 08 2021 18:21:44 GMT+0530 (India Standard Time) : This is a log line
Sat May 08 2021 18:21:46 GMT+0530 (India Standard Time) : This is a log line
Sat May 08 2021 18:21:48 GMT+0530 (India Standard Time) : This is a log line
Sat May 08 2021 18:21:50 GMT+0530 (India Standard Time) : This is a log line
Sat May 08 2021 18:21:52 GMT+0530 (India Standard Time) : This is a log line
Sat May 08 2021 18:21:54 GMT+0530 (India Standard Time) : This is a log line
Sat May 08 2021 18:21:56 GMT+0530 (India Standard Time) : This is a log line
Sat May 08 2021 18:21:58 GMT+0530 (India Standard Time) : This is a log line
Sat May 08 2021 18:22:00 GMT+0530 (India Standard Time) : This is a log line
Sat May 08 2021 18:22:02 GMT+0530 (India Standard Time) : This is a log line
Sat May 08 2021 18:22:04 GMT+0530 (India Standard Time) : This is a log line
Sat May 08 2021 18:22:06 GMT+0530 (India Standard Time) : This is a log line
Sat May 08 2021 18:22:08 GMT+0530 (India Standard Time) : This is a log line
Sat May 08 2021 18:22:10 GMT+0530 (India Standard Time) : This is a log line
Sat May 08 2021 18:22:12 GMT+0530 (India Standard Time) : This is a log line
Sat May 08 2021 18:22:14 GMT+0530 (India Standard Time) : This is a log line
Sat May 08 2021 18:22:16 GMT+0530 (India Standard Time) : This is a log line
Sat May 08 2021 18:22:18 GMT+0530 (India Standard Time) : This is a log line
Sat May 08 2021 18:22:20 GMT+0530 (India Standard Time) : This is a log line
Sat May 08 2021 18:22:22 GMT+0530 (India Standard Time) : This is a log line
Sat May 08 2021 18:22:24 GMT+0530 (India Standard Time) : This is a log line
Sat May 08 2021 18:22:26 GMT+0530 (India Standard Time) : This is a log line
Sat May 08 2021 18:22:28 GMT+0530 (India Standard Time) : This is a log line
Sat May 08 2021 18:22:30 GMT+0530 (India Standard Time) : This is a log line
Sat May 08 2021 18:22:32 GMT+0530 (India Standard Time) : This is a log line
Sat May 08 2021 18:22:34 GMT+0530 (India Standard Time) : This is a log line
Sat May 08 2021 18:22:36 GMT+0530 (India Standard Time) : This is a log line
Sat May 08 2021 18:22:38 GMT+0530 (India Standard Time) : This is a log line
Sat May 08 2021 18:22:40 GMT+0530 (India Standard Time) : This is a log line
Sat May 08 2021 18:22:42 GMT+0530 (India Standard Time) : This is a log line
Sat May 08 2021 18:22:44 GMT+0530 (India Standard Time) : This is a log line
Sat May 08 2021 18:22:46 GMT+0530 (India Standard Time) : This is a log line
Sat May 08 2021 18:22:48 GMT+0530 (India Standard Time) : This is a log line
Sat May 08 2021 18:22:50 GMT+0530 (India Standard Time) : This is a log line
Sat May 08 2021 18:22:52 GMT+0530 (India Standard Time) : This is a log line
Sat May 08 2021 18:22:54 GMT+0530 (India Standard Time) : This is a log line
Sat May 08 2021 18:22:56 GMT+0530 (India Standard Time) : This is a log line
Sat May 08 2021 18:22:58 GMT+0530 (India Standard Time) : This is a log line
Sat May 08 2021 18:23:00 GMT+0530 (India Standard Time) : This is a log line
Sat May 08 2021 18:23:02 GMT+0530 (India Standard Time) : This is a log line
Sat May 08 2021 18:23:04 GMT+0530 (India Standard Time) : This is a log line
Sat May 08 2021 18:23:06 GMT+0530 (India Standard Time) : This is a log line
Sat May 08 2021 18:23:08 GMT+0530 (India Standard Time) : This is a log line
Sat May 08 2021 18:23:10 GMT+0530 (India Standard Time) : This is a log line
Sat May 08 2021 18:23:12 GMT+0530 (India Standard Time) : This is a log line
Sat May 08 2021 18:23:14 GMT+0530 (India Standard Time) : This is a log line
Sat May 08 2021 18:23:16 GMT+0530 (India Standard Time) : This is a log line
Sat May 08 2021 18:23:18 GMT+0530 (India Standard Time) : This is a log line
Sat May 08 2021 18:23:20 GMT+0530 (India Standard Time) : This is a log line
Sat May 08 2021 18:23:22 GMT+0530 (India Standard Time) : This is a log line
Sat May 08 2021 18:23:24 GMT+0530 (India Standard Time) : This is a log line
Sat May 08 2021 18:23:26 GMT+0530 (India Standard Time) : This is a log line
Sat May 08 2021 18:23:28 GMT+0530 (India Standard Time) : This is a log line
Sat May 08 2021 18:23:30 GMT+0530 (India Standard Time) : This is a log line
Sat May 08 2021 18:23:32 GMT+0530 (India Standard Time) : This is a log line
Sat May 08 2021 18:23:34 GMT+0530 (India Standard Time) : This is a log line
Sat May 08 2021 18:23:36 GMT+0530 (India Standard Time) : This is a log line
Sat May 08 2021 18:23:38 GMT+0530 (India Standard Time) : This is a log line
Sat May 08 2021 18:23:40 GMT+0530 (India Standard Time) : This is a log line
Sat May 08 2021 18:23:42 GMT+0530 (India Standard Time) : This is a log line
Sat May 08 2021 18:23:44 GMT+0530 (India Standard Time) : This is a log line
Sat May 08 2021 18:23:46 GMT+0530 (India Standard Time) : This is a log line
Sat May 08 2021 18:23:48 GMT+0530 (India Standard Time) : This is a log line
Sat May 08 2021 18:23:50 GMT+0530 (India Standard Time) : This is a log line
Sat May 08 2021 18:23:52 GMT+0530 (India Standard Time) : This is a log line
Sat May 08 2021 18:23:54 GMT+0530 (India Standard Time) : This is a log line
Sat May 08 2021 18:23:56 GMT+0530 (India Standard Time) : This is a log line
Sat May 08 2021 18:23:58 GMT+0530 (India Standard Time) : This is a log line
Sat May 08 2021 18:24:00 GMT+0530 (India Standard Time) : This is a log line
Sat May 08 2021 18:24:02 GMT+0530 (India Standard Time) : This is a log line
Sat May 08 2021 18:24:04 GMT+0530 (India Standard Time) : This is a log line
Sat May 08 2021 18:24:06 GMT+0530 (India Standard Time) : This is a log line
Sat May 08 2021 18:24:08 GMT+0530 (India Standard Time) : This is a log line
Sat May 08 2021 18:24:10 GMT+0530 (India Standard Time) : This is a log line
Sat May 08 2021 18:24:12 GMT+0530 (India Standard Time) : This is a log line
Sat May 08 2021 18:24:14 GMT+0530 (India Standard Time) : This is a log line
Sat May 08 2021 18:24:16 GMT+0530 (India Standard Time) : This is a log line
Sat May 08 2021 18:24:18 GMT+0530 (India Standard Time) : This is a log line
Sat May 08 2021 18:24:20 GMT+0530 (India Standard Time) : This is a log line
Sat May 08 2021 18:24:22 GMT+0530 (India Standard Time) : This is a log line
Sat May 08 2021 18:24:24 GMT+0530 (India Standard Time) : This is a log line
Sat May 08 2021 18:24:26 GMT+0530 (India Standard Time) : This is a log line
Sat May 08 2021 18:24:28 GMT+0530 (India Standard Time) : This is a log line
Sat May 08 2021 18:24:30 GMT+0530 (India Standard Time) : This is a log line
Sat May 08 2021 18:24:32 GMT+0530 (India Standard Time) : This is a log line
Sat May 08 2021 18:24:34 GMT+0530 (India Standard Time) : This is a log line
Sat May 08 2021 18:24:36 GMT+0530 (India Standard Time) : This is a log line
Sat May 08 2021 18:24:38 GMT+0530 (India Standard Time) : This is a log line
Sat May 08 2021 18:24:40 GMT+0530 (India Standard Time) : This is a log line
Sat May 08 2021 18:24:42 GMT+0530 (India Standard Time) : This is a log line
Sat May 08 2021 18:24:44 GMT+0530 (India Standard Time) : This is a log line
Sat May 08 2021 18:24:46 GMT+0530 (India Standard Time) : This is a log line
Sat May 08 2021 18:24:48 GMT+0530 (India Standard Time) : This is a log line
Sat May 08 2021 18:24:50 GMT+0530 (India Standard Time) : This is a log line
Sat May 08 2021 18:24:52 GMT+0530 (India Standard Time) : This is a log line
Sat May 08 2021 18:24:54 GMT+0530 (India Standard Time) : This is a log line
Sat May 08 2021 18:24:56 GMT+0530 (India Standard Time) : This is a log line
Sat May 08 2021 18:24:58 GMT+0530 (India Standard Time) : This is a log line
Sat May 08 2021 18:25:00 GMT+0530 (India Standard Time) : This is a log line
Sat May 08 2021 18:25:02 GMT+0530 (India Standard Time) : This is a log line
Sat May 08 2021 18:25:04 GMT+0530 (India Standard Time) : This is a log line
Sat May 08 2021 18:25:06 GMT+0530 (India Standard Time) : This is a log line
Sat May 08 2021 18:25:08 GMT+0530 (India Standard Time) : This is a log line
Sat May 08 2021 18:25:10 GMT+0530 (India Standard Time) : This is a log line
Sat May 08 2021 18:25:12 GMT+0530 (India Standard Time) : This is a log line
Sat May 08 2021 18:25:14 GMT+0530 (India Standard Time) : This is a log line
Sat May 08 2021 18:25:16 GMT+0530 (India Standard Time) : This is a log line
Sat May 08 2021 18:25:18 GMT+0530 (India Standard Time) : This is a log line
Sat May 08 2021 18:25:20 GMT+0530 (India Standard Time) : This is a log line
Sat May 08 2021 18:25:22 GMT+0530 (India Standard Time) : This is a log line
Sat May 08 2021 18:25:24 GMT+0530 (India Standard Time) : This is a log line
Sat May 08 2021 18:25:26 GMT+0530 (India Standard Time) : This is a log line
Sat May 08 2021 18:25:28 GMT+0530 (India Standard Time) : This is a log line
Sat May 08 2021 18:25:30 GMT+0530 (India Standard Time) : This is a log line
Sat May 08 2021 18:25:32 GMT+0530 (India Standard Time) : This is a log line
Sat May 08 2021 18:25:34 GMT+0530 (India Standard Time) : This is a log line
Sat May 08 2021 18:25:36 GMT+0530 (India Standard Time) : This is a log line
Sat May 08 2021 18:25:38 GMT+0530 (India Standard Time) : This is a log line
Sat May 08 2021 18:25:40 GMT+0530 (India Standard Time) : This is a log line
Sat May 08 2021 18:25:42 GMT+0530 (India Standard Time) : This is a log line
Sat May 08 2021 18:25:44 GMT+0530 (India Standard Time) : This is a log line
Sat May 08 2021 18:25:46 GMT+0530 (India Standard Time) : This is a log line
Sat May 08 2021 18:25:48 GMT+0530 (India Standard Time) : This is a log line
Sat May 08 2021 18:25:50 GMT+0530 (India Standard Time) : This is a log line
Sat May 08 2021 18:25:52 GMT+0530 (India Standard Time) : This is a log line
Sat May 08 2021 18:25:54 GMT+0530 (India Standard Time) : This is a log line
Sat May 08 2021 18:25:56 GMT+0530 (India Standard Time) : This is a log line
Sat May 08 2021 18:25:59 GMT+0530 (India Standard Time) : This is a log line
Sat May 08 2021 18:26:01 GMT+0530 (India Standard Time) : This is a log line
Sat May 08 2021 18:26:03 GMT+0530 (India Standard Time) : This is a log line
Sat May 08 2021 18:26:05 GMT+0530 (India Standard Time) : This is a log line
Sat May 08 2021 18:26:07 GMT+0530 (India Standard Time) : This is a log line
Sat May 08 2021 18:26:09 GMT+0530 (India Standard Time) : This is a log line
Sat May 08 2021 18:26:11 GMT+0530 (India Standard Time) : This is a log line
Sat May 08 2021 18:26:13 GMT+0530 (India Standard Time) : This is a log line
Sat May 08 2021 18:26:15 GMT+0530 (India Standard Time) : This is a log line
Sat May 08 2021 18:26:17 GMT+0530 (India Standard Time) : This is a log line
Sat May 08 2021 18:26:19 GMT+0530 (India Standard Time) : This is a log line
Sat May 08 2021 18:26:21 GMT+0530 (India Standard Time) : This is a log line
Sat May 08 2021 18:26:23 GMT+0530 (India Standard Time) : This is a log line
Sat May 08 2021 18:26:25 GMT+0530 (India Standard Time) : This is a log line
Sat May 08 2021 18:26:27 GMT+0530 (India Standard Time) : This is a log line
Sat May 08 2021 18:26:29 GMT+0530 (India Standard Time) : This is a log line
Sat May 08 2021 18:26:31 GMT+0530 (India Standard Time) : This is a log line
Sat May 08 2021 18:26:33 GMT+0530 (India Standard Time) : This is a log line
Sat May 08 2021 18:26:35 GMT+0530 (India Standard Time) : This is a log line
Sat May 08 2021 18:26:37 GMT+0530 (India Standard Time) : This is a log line
Sat May 08 2021 18:26:39 GMT+0530 (India Standard Time) : This is a log line
Sat May 08 2021 18:26:41 GMT+0530 (India Standard Time) : This is a log line
Sat May 08 2021 18:26:43 GMT+0530 (India Standard Time) : This is a log line
Sat May 08 2021 18:26:45 GMT+0530 (India Standard Time) : This is a log line
Sat May 08 2021 18:26:47 GMT+0530 (India Standard Time) : This is a log line
Sat May 08 2021 18:26:49 GMT+0530 (India Standard Time) : This is a log line
Sat May 08 2021 18:26:51 GMT+0530 (India Standard Time) : This is a log line
Sat May 08 2021 18:26:53 GMT+0530 (India Standard Time) : This is a log line
Sat May 08 2021 18:26:55 GMT+0530 (India Standard Time) : This is a log line
Sat May 08 2021 18:26:57 GMT+0530 (India Standard Time) : This is a log line
Sat May 08 2021 18:26:59 GMT+0530 (India Standard Time) : This is a log line
Sat May 08 2021 18:27:01 GMT+0530 (India Standard Time) : This is a log line
Sat May 08 2021 18:27:03 GMT+0530 (India Standard Time) : This is a log line
Sat May 08 2021 18:27:05 GMT+0530 (India Standard Time) : This is a log line
Sat May 08 2021 18:27:07 GMT+0530 (India Standard Time) : This is a log line
Sat May 08 2021 18:27:09 GMT+0530 (India Standard Time) : This is a log line
Sat May 08 2021 18:27:11 GMT+0530 (India Standard Time) : This is a log line
Sat May 08 2021 18:27:13 GMT+0530 (India Standard Time) : This is a log line
Sat May 08 2021 18:27:15 GMT+0530 (India Standard Time) : This is a log line
Sat May 08 2021 18:27:17 GMT+0530 (India Standard Time) : This is a log line
Sat May 08 2021 18:27:19 GMT+0530 (India Standard Time) : This is a log line
Sat May 08 2021 18:27:21 GMT+0530 (India Standard Time) : This is a log line
Sat May 08 2021 18:27:23 GMT+0530 (India Standard Time) : This is a log line
Sat May 08 2021 18:27:25 GMT+0530 (India Standard Time) : This is a log line
Sat May 08 2021 18:27:27 GMT+0530 (India Standard Time) : This is a log line
Sat May 08 2021 18:27:29 GMT+0530 (India Standard Time) : This is a log line
Sat May 08 2021 18:27:31 GMT+0530 (India Standard Time) : This is a log line
Sat May 08 2021 18:27:33 GMT+0530 (India Standard Time) : This is a log line
Sat May 08 2021 18:27:35 GMT+0530 (India Standard Time) : This is a log line
Sat May 08 2021 18:27:37 GMT+0530 (India Standard Time) : This is a log line
Sat May 08 2021 18:27:39 GMT+0530 (India Standard Time) : This is a log line
Sat May 08 2021 18:27:41 GMT+0530 (India Standard Time) : This is a log line
Sat May 08 2021 18:27:43 GMT+0530 (India Standard Time) : This is a log line
Sat May 08 2021 18:27:45 GMT+0530 (India Standard Time) : This is a log line
Sat May 08 2021 18:27:47 GMT+0530 (India Standard Time) : This is a log line
Sat May 08 2021 18:27:49 GMT+0530 (India Standard Time) : This is a log line
Sat May 08 2021 18:27:51 GMT+0530 (India Standard Time) : This is a log line
Sat May 08 2021 18:27:53 GMT+0530 (India Standard Time) : This is a log line
Sat May 08 2021 18:27:55 GMT+0530 (India Standard Time) : This is a log line
Sat May 08 2021 18:27:57 GMT+0530 (India Standard Time) : This is a log line
Sat May 08 2021 18:27:59 GMT+0530 (India Standard Time) : This is a log line
Sat May 08 2021 18:28:01 GMT+0530 (India Standard Time) : This is a log line
Sat May 08 2021 18:28:03 GMT+0530 (India Standard Time) : This is a log line
Sat May 08 2021 18:28:05 GMT+0530 (India Standard Time) : This is a log line
Sat May 08 2021 18:28:07 GMT+0530 (India Standard Time) : This is a log line
Sat May 08 2021 18:28:09 GMT+0530 (India Standard Time) : This is a log line
Sat May 08 2021 18:28:11 GMT+0530 (India Standard Time) : This is a log line
Sat May 08 2021 18:28:13 GMT+0530 (India Standard Time) : This is a log line
Sat May 08 2021 18:28:15 GMT+0530 (India Standard Time) : This is a log line
Sat May 08 2021 18:28:17 GMT+0530 (India Standard Time) : This is a log line
Sat May 08 2021 18:28:19 GMT+0530 (India Standard Time) : This is a log line
Sat May 08 2021 18:28:21 GMT+0530 (India Standard Time) : This is a log line
Sat May 08 2021 18:28:23 GMT+0530 (India Standard Time) : This is a log line
Sat May 08 2021 18:28:25 GMT+0530 (India Standard Time) : This is a log line
Sat May 08 2021 18:28:27 GMT+0530 (India Standard Time) : This is a log line
Sat May 08 2021 18:28:29 GMT+0530 (India Standard Time) : This is a log line
Sat May 08 2021 18:28:31 GMT+0530 (India Standard Time) : This is a log line
Sat May 08 2021 18:28:33 GMT+0530 (India Standard Time) : This is a log line
Sat May 08 2021 18:28:35 GMT+0530 (India Standard Time) : This is a log line
Sat May 08 2021 18:28:37 GMT+0530 (India Standard Time) : This is a log line
Sat May 08 2021 18:28:39 GMT+0530 (India Standard Time) : This is a log line
Sat May 08 2021 18:28:41 GMT+0530 (India Standard Time) : This is a log line
Sat May 08 2021 18:28:43 GMT+0530 (India Standard Time) : This is a log line
Sat May 08 2021 18:28:45 GMT+0530 (India Standard Time) : This is a log line
Sat May 08 2021 18:28:47 GMT+0530 (India Standard Time) : This is a log line
Sat May 08 2021 18:28:49 GMT+0530 (India Standard Time) : This is a log line
Sat May 08 2021 18:28:51 GMT+0530 (India Standard Time) : This is a log line
Sat May 08 2021 18:28:53 GMT+0530 (India Standard Time) : This is a log line
Sat May 08 2021 18:28:55 GMT+0530 (India Standard Time) : This is a log line
Sat May 08 2021 18:28:57 GMT+0530 (India Standard Time) : This is a log line
Sat May 08 2021 18:28:59 GMT+0530 (India Standard Time) : This is a log line
Sat May 08 2021 18:29:01 GMT+0530 (India Standard Time) : This is a log line
Sat May 08 2021 18:29:03 GMT+0530 (India Standard Time) : This is a log line
Sat May 08 2021 18:29:05 GMT+0530 (India Standard Time) : This is a log line
Sat May 08 2021 18:29:07 GMT+0530 (India Standard Time) : This is a log line
Sat May 08 2021 18:29:09 GMT+0530 (India Standard Time) : This is a log line
Sat May 08 2021 18:29:11 GMT+0530 (India Standard Time) : This is a log line
Sat May 08 2021 18:29:13 GMT+0530 (India Standard Time) : This is a log line
Sat May 08 2021 18:29:15 GMT+0530 (India Standard Time) : This is a log line
Sat May 08 2021 18:29:17 GMT+0530 (India Standard Time) : This is a log line
Sat May 08 2021 18:29:19 GMT+0530 (India Standard Time) : This is a log line
Sat May 08 2021 18:29:21 GMT+0530 (India Standard Time) : This is a log line
Sat May 08 2021 18:29:23 GMT+0530 (India Standard Time) : This is a log line
Sat May 08 2021 18:29:25 GMT+0530 (India Standard Time) : This is a log line
Sat May 08 2021 18:29:27 GMT+0530 (India Standard Time) : This is a log line
Sat May 08 2021 18:29:29 GMT+0530 (India Standard Time) : This is a log line
Sat May 08 2021 18:29:31 GMT+0530 (India Standard Time) : This is a log line
Sat May 08 2021 18:29:33 GMT+0530 (India Standard Time) : This is a log line
Sat May 08 2021 18:29:35 GMT+0530 (India Standard Time) : This is a log line
Sat May 08 2021 18:29:37 GMT+0530 (India Standard Time) : This is a log line
Sat May 08 2021 18:29:39 GMT+0530 (India Standard Time) : This is a log line
Sat May 08 2021 18:29:41 GMT+0530 (India Standard Time) : This is a log line
Sat May 08 2021 18:29:43 GMT+0530 (India Standard Time) : This is a log line
Sat May 08 2021 18:29:45 GMT+0530 (India Standard Time) : This is a log line
Sat May 08 2021 18:29:47 GMT+0530 (India Standard Time) : This is a log line
Sat May 08 2021 18:29:49 GMT+0530 (India Standard Time) : This is a log line
Sat May 08 2021 18:29:51 GMT+0530 (India Standard Time) : This is a log line
Sat May 08 2021 18:29:53 GMT+0530 (India Standard Time) : This is a log line
Sat May 08 2021 18:29:55 GMT+0530 (India Standard Time) : This is a log line
Sat May 08 2021 18:29:57 GMT+0530 (India Standard Time) : This is a log line
Sat May 08 2021 18:29:59 GMT+0530 (India Standard Time) : This is a log line
Sat May 08 2021 18:30:01 GMT+0530 (India Standard Time) : This is a log line
Sat May 08 2021 18:30:03 GMT+0530 (India Standard Time) : This is a log line
Sat May 08 2021 18:30:05 GMT+0530 (India Standard Time) : This is a log line
Sat May 08 2021 18:30:07 GMT+0530 (India Standard Time) : This is a log line
Sat May 08 2021 18:30:09 GMT+0530 (India Standard Time) : This is a log line
Sat May 08 2021 18:30:11 GMT+0530 (India Standard Time) : This is a log line
Sat May 08 2021 18:30:13 GMT+0530 (India Standard Time) : This is a log line
Sat May 08 2021 18:30:15 GMT+0530 (India Standard Time) : This is a log line
Sat May 08 2021 18:30:17 GMT+0530 (India Standard Time) : This is a log line
Sat May 08 2021 18:30:19 GMT+0530 (India Standard Time) : This is a log line
Sat May 08 2021 18:30:21 GMT+0530 (India Standard Time) : This is a log line
Sat May 08 2021 18:30:23 GMT+0530 (India Standard Time) : This is a log line
Sat May 08 2021 18:30:25 GMT+0530 (India Standard Time) : This is a log line
Sat May 08 2021 18:30:27 GMT+0530 (India Standard Time) : This is a log line
Sat May 08 2021 18:30:29 GMT+0530 (India Standard Time) : This is a log line
Sat May 08 2021 18:30:31 GMT+0530 (India Standard Time) : This is a log line
Sat May 08 2021 18:30:33 GMT+0530 (India Standard Time) : This is a log line
Sat May 08 2021 18:30:35 GMT+0530 (India Standard Time) : This is a log line
Sat May 08 2021 18:30:37 GMT+0530 (India Standard Time) : This is a log line
Sat May 08 2021 18:30:39 GMT+0530 (India Standard Time) : This is a log line
Sat May 08 2021 18:30:41 GMT+0530 (India Standard Time) : This is a log line
Sat May 08 2021 18:30:43 GMT+0530 (India Standard Time) : This is a log line
Sat May 08 2021 18:30:45 GMT+0530 (India Standard Time) : This is a log line
Sat May 08 2021 18:30:47 GMT+0530 (India Standard Time) : This is a log line
Sat May 08 2021 18:30:49 GMT+0530 (India Standard Time) : This is a log line
Sat May 08 2021 18:30:51 GMT+0530 (India Standard Time) : This is a log line
Sat May 08 2021 18:30:53 GMT+0530 (India Standard Time) : This is a log line
Sat May 08 2021 18:30:55 GMT+0530 (India Standard Time) : This is a log line
Sat May 08 2021 18:30:57 GMT+0530 (India Standard Time) : This is a log line
Sat May 08 2021 18:30:59 GMT+0530 (India Standard Time) : This is a log line
Sat May 08 2021 18:31:01 GMT+0530 (India Standard Time) : This is a log line
Sat May 08 2021 18:31:03 GMT+0530 (India Standard Time) : This is a log line
Sat May 08 2021 18:31:05 GMT+0530 (India Standard Time) : This is a log line
Sat May 08 2021 18:31:07 GMT+0530 (India Standard Time) : This is a log line
Sat May 08 2021 18:31:09 GMT+0530 (India Standard Time) : This is a log line
Sat May 08 2021 18:31:11 GMT+0530 (India Standard Time) : This is a log line
Sat May 08 2021 18:31:13 GMT+0530 (India Standard Time) : This is a log line
Sat May 08 2021 18:31:15 GMT+0530 (India Standard Time) : This is a log line
Sat May 08 2021 18:31:17 GMT+0530 (India Standard Time) : This is a log line
Sat May 08 2021 18:31:19 GMT+0530 (India Standard Time) : This is a log line
Sat May 08 2021 18:31:21 GMT+0530 (India Standard Time) : This is a log line
Sat May 08 2021 18:31:23 GMT+0530 (India Standard Time) : This is a log line
Sat May 08 2021 18:31:25 GMT+0530 (India Standard Time) : This is a log line
Sat May 08 2021 18:31:27 GMT+0530 (India Standard Time) : This is a log line
Sat May 08 2021 18:31:29 GMT+0530 (India Standard Time) : This is a log line
Sat May 08 2021 18:31:31 GMT+0530 (India Standard Time) : This is a log line
Sat May 08 2021 18:31:33 GMT+0530 (India Standard Time) : This is a log line
Sat May 08 2021 18:31:35 GMT+0530 (India Standard Time) : This is a log line
Sat May 08 2021 18:31:37 GMT+0530 (India Standard Time) : This is a log line
Sat May 08 2021 18:31:39 GMT+0530 (India Standard Time) : This is a log line
Sat May 08 2021 18:31:41 GMT+0530 (India Standard Time) : This is a log line
Sat May 08 2021 18:31:43 GMT+0530 (India Standard Time) : This is a log line
Sun May 09 2021 18:10:20 GMT+0530 (India Standard Time) : This is a log line
Sun May 09 2021 18:10:22 GMT+0530 (India Standard Time) : This is a log line
Sun May 09 2021 18:10:24 GMT+0530 (India Standard Time) : This is a log line
Sun May 09 2021 18:10:26 GMT+0530 (India Standard Time) : This is a log line
Sun May 09 2021 18:10:28 GMT+0530 (India Standard Time) : This is a log line
Sun May 09 2021 18:10:30 GMT+0530 (India Standard Time) : This is a log line
Sun May 09 2021 18:10:32 GMT+0530 (India Standard Time) : This is a log line
Sun May 09 2021 18:10:34 GMT+0530 (India Standard Time) : This is a log line
Sun May 09 2021 18:10:36 GMT+0530 (India Standard Time) : This is a log line
Sun May 09 2021 18:10:38 GMT+0530 (India Standard Time) : This is a log line
Sun May 09 2021 18:10:40 GMT+0530 (India Standard Time) : This is a log line
Sun May 09 2021 18:10:42 GMT+0530 (India Standard Time) : This is a log line
Sun May 09 2021 18:10:44 GMT+0530 (India Standard Time) : This is a log line
Sun May 09 2021 18:10:46 GMT+0530 (India Standard Time) : This is a log line
Sun May 09 2021 18:10:48 GMT+0530 (India Standard Time) : This is a log line
Sun May 09 2021 18:10:50 GMT+0530 (India Standard Time) : This is a log line
Sun May 09 2021 18:10:52 GMT+0530 (India Standard Time) : This is a log line
Sun May 09 2021 18:10:54 GMT+0530 (India Standard Time) : This is a log line
Sun May 09 2021 18:10:56 GMT+0530 (India Standard Time) : This is a log line
Sun May 09 2021 18:10:58 GMT+0530 (India Standard Time) : This is a log line
Sun May 09 2021 18:11:00 GMT+0530 (India Standard Time) : This is a log line
Sun May 09 2021 18:11:02 GMT+0530 (India Standard Time) : This is a log line
Sun May 09 2021 18:11:04 GMT+0530 (India Standard Time) : This is a log line
Sun May 09 2021 18:11:06 GMT+0530 (India Standard Time) : This is a log line
Sun May 09 2021 18:16:11 GMT+0530 (India Standard Time) : This is a log line
Sun May 09 2021 18:16:13 GMT+0530 (India Standard Time) : This is a log line
Sun May 09 2021 18:16:15 GMT+0530 (India Standard Time) : This is a log line
Sun May 09 2021 18:16:17 GMT+0530 (India Standard Time) : This is a log line
Sun May 09 2021 18:16:19 GMT+0530 (India Standard Time) : This is a log line
Sun May 09 2021 18:16:21 GMT+0530 (India Standard Time) : This is a log line
Sun May 09 2021 18:16:23 GMT+0530 (India Standard Time) : This is a log line
Sun May 09 2021 18:16:25 GMT+0530 (India Standard Time) : This is a log line
Sun May 09 2021 18:16:27 GMT+0530 (India Standard Time) : This is a log line
Sun May 09 2021 18:16:29 GMT+0530 (India Standard Time) : This is a log line
Sun May 09 2021 18:16:31 GMT+0530 (India Standard Time) : This is a log line
Sun May 09 2021 18:16:33 GMT+0530 (India Standard Time) : This is a log line
Sun May 09 2021 18:16:35 GMT+0530 (India Standard Time) : This is a log line
Sun May 09 2021 18:16:37 GMT+0530 (India Standard Time) : This is a log line
Sun May 09 2021 18:16:39 GMT+0530 (India Standard Time) : This is a log line
Sun May 09 2021 18:16:41 GMT+0530 (India Standard Time) : This is a log line
Sun May 09 2021 18:16:43 GMT+0530 (India Standard Time) : This is a log line
Sun May 09 2021 18:16:45 GMT+0530 (India Standard Time) : This is a log line
Sun May 09 2021 18:16:47 GMT+0530 (India Standard Time) : This is a log line
Sun May 09 2021 18:16:49 GMT+0530 (India Standard Time) : This is a log line
Sun May 09 2021 18:16:51 GMT+0530 (India Standard Time) : This is a log line
Sun May 09 2021 18:16:53 GMT+0530 (India Standard Time) : This is a log line
